Change Component Designator: Old Designator=C? New Designator=C12
Change Component Designator: Old Designator=C? New Designator=C13
Change Component Designator: Old Designator=C? New Designator=C14
Change Component Designator: Old Designator=C? New Designator=C15
Change Component Designator: Old Designator=C? New Designator=C16
Change Component Designator: Old Designator=C? New Designator=C17
Change Component Designator: Old Designator=CP? New Designator=CP1
Change Component Designator: Old Designator=CP? New Designator=CP2
Change Component Designator: Old Designator=CP? New Designator=CP3
Change Component Designator: Old Designator=CP? New Designator=CP4
Change Component Designator: Old Designator=CP? New Designator=CP5
Change Component Designator: Old Designator=CP? New Designator=CP6
Change Component Designator: Old Designator=CP? New Designator=CP7
Change Component Designator: Old Designator=CP? New Designator=CP8
Change Component Designator: Old Designator=CP? New Designator=CP9
Change Component Designator: Old Designator=CP? New Designator=CP10
Change Component Designator: Old Designator=CP? New Designator=CP11
Change Component Designator: Old Designator=CP? New Designator=CP12
Change Component Designator: Old Designator=CP? New Designator=CP13
Change Component Designator: Old Designator=D? New Designator=D1
Change Component Designator: Old Designator=D? New Designator=D2
Change Component Designator: Old Designator=Q? New Designator=Q1
Change Component Designator: Old Designator=R? New Designator=R18
Change Component Designator: Old Designator=R? New Designator=R19
Change Component Designator: Old Designator=R? New Designator=R20
Change Component Designator: Old Designator=R? New Designator=R21
Change Component Designator: Old Designator=R? New Designator=R22
Change Component Designator: Old Designator=S_PAD? New Designator=S_PAD5
Change Component Designator: Old Designator=TP? New Designator=TP1
Change Component Designator: Old Designator=TP? New Designator=TP2
Change Component Designator: Old Designator=TP? New Designator=TP3
Change Component Designator: Old Designator=U? New Designator=U2
