Removed Pin From Net: NetName=3V3 Pin=CP18-1
Removed Pin From Net: NetName=GND Pin=CP19-1
Removed Pin From Net: NetName=SWIO Pin=CP22-1
Removed Pin From Net: NetName=GND Pin=Designator3-2
Removed Pin From Net: NetName=SWIO Pin=Designator3-3
Remove Pin from Net: Failed to remove Pin
Removed Pin From Net: NetName=GND Pin=Designator4-2
Removed Pin From Net: NetName=SWIO Pin=Designator4-3
Remove Pin from Net: Failed to remove Pin
Removed Pin From Net: NetName=GND Pin=IC5-2
Removed Pin From Net: NetName=NetC18_2 Pin=IC5-5
Removed Member From Class: ClassName=Designator Member=CP3
Removed Member From Class: ClassName=Designator Member=CP5
Removed Member From Class: ClassName=converter Member=IC2
Removed Member From Class: ClassName=COMBINED Member=R8
Removed Member From Class: ClassName=controller Member=R8
Removed Member From Class: ClassName=converter Member=R17
Change Component Comment : Designator=IC3 Old Comment=DIODES INC MOSFET N-CH SOT-23-3 New Comment=MOSFET N-CH SOT-23-3
Change Component Comment : Designator=IC4 Old Comment=DIODES INC MOSFET N-CH SOT-23-3 New Comment=MOSFET N-CH SOT-23-3
Change Component Designator: OldDesignator=C18 NewDesignator=C20
Change Component Designator: OldDesignator=C19 NewDesignator=C22
Change Component Designator: OldDesignator=C20 NewDesignator=C18
Change Component Designator: OldDesignator=C21 NewDesignator=C19
Change Component Designator: OldDesignator=C22 NewDesignator=C21
Change Component Designator: OldDesignator=C23 NewDesignator=C24
Change Component Designator: OldDesignator=C24 NewDesignator=C25
Change Component Designator: OldDesignator=C25 NewDesignator=C23
Change Component Designator: OldDesignator=CP1 NewDesignator=CP6
Change Component Designator: OldDesignator=CP2 NewDesignator=CP7
Change Component Designator: OldDesignator=CP3 NewDesignator=CP8
Change Component Designator: OldDesignator=CP4 NewDesignator=CP9
Change Component Designator: OldDesignator=CP5 NewDesignator=CP10
Change Component Designator: OldDesignator=CP6 NewDesignator=CP11
Change Component Designator: OldDesignator=CP7 NewDesignator=CP12
Change Component Designator: OldDesignator=CP8 NewDesignator=CP13
Change Component Designator: OldDesignator=CP9 NewDesignator=CP14
Change Component Designator: OldDesignator=CP10 NewDesignator=CP15
Change Component Designator: OldDesignator=CP11 NewDesignator=CP16
Change Component Designator: OldDesignator=CP12 NewDesignator=CP17
Change Component Designator: OldDesignator=CP13 NewDesignator=CP18
Change Component Designator: OldDesignator=CP14 NewDesignator=CP19
Change Component Designator: OldDesignator=CP15 NewDesignator=CP20
Change Component Designator: OldDesignator=CP16 NewDesignator=CP21
Change Component Designator: OldDesignator=CP17 NewDesignator=CP22
Change Component Designator: OldDesignator=CP18 NewDesignator=CP1
Change Component Designator: OldDesignator=CP19 NewDesignator=CP2
Change Component Designator: OldDesignator=CP20 NewDesignator=CP3
Change Component Designator: OldDesignator=CP21 NewDesignator=CP4
Change Component Designator: OldDesignator=CP22 NewDesignator=CP5
Change Component Designator: OldDesignator=IC2 NewDesignator=IC3
Change Component Designator: OldDesignator=R17 NewDesignator=R19
Change Component Designator: OldDesignator=R18 NewDesignator=R20
Change Component Designator: OldDesignator=R19 NewDesignator=R21
Change Component Designator: OldDesignator=R20 NewDesignator=R22
Change Component Designator: OldDesignator=R21 NewDesignator=R23
Change Component Designator: OldDesignator=R22 NewDesignator=R24
Change Component Designator: OldDesignator=R26 NewDesignator=R29
Change Component Designator: OldDesignator=R27 NewDesignator=R26
Change Component Designator: OldDesignator=R28 NewDesignator=R27
Change Component Designator: OldDesignator=R29 NewDesignator=R28
Change component parameters: Designator = "R28" ("R27"); Footprint = "FP-TC33X-2-MFG"; UniqueID = "\WIWWWNTX\AXUMNXWM" ("\WIWWWNTX\AXUMNXWM")
Change component parameters (AddParameter): Name = "Color"; Value = "Silver"; VariantName = "[No Variations]"
Change component parameters (AddParameter): Name = "Depth"; Value = "3.8mm"; VariantName = "[No Variations]"
Change component parameters (AddParameter): Name = "Height"; Value = "0.047inch"; VariantName = "[No Variations]"
Change component parameters (AddParameter): Name = "Length"; Value = "3mm"; VariantName = "[No Variations]"
Change component parameters (AddParameter): Name = "Max Operating Temperature"; Value = "100°C"; VariantName = "[No Variations]"
Change component parameters (AddParameter): Name = "Max Power Dissipation"; Value = "100mW"; VariantName = "[No Variations]"
Change component parameters (AddParameter): Name = "Military Standard"; Value = "Not"; VariantName = "[No Variations]"
Change component parameters (AddParameter): Name = "Min Operating Temperature"; Value = "-40°C"; VariantName = "[No Variations]"
Change component parameters (AddParameter): Name = "Mount"; Value = "Surface Mount"; VariantName = "[No Variations]"
Change component parameters (AddParameter): Name = "Number of Turns"; Value = "1"; VariantName = "[No Variations]"
Change component parameters (AddParameter): Name = "Package Quantity"; Value = "2500"; VariantName = "[No Variations]"
Change component parameters (AddParameter): Name = "Packaging"; Value = "Tape and Reel"; VariantName = "[No Variations]"
Change component parameters (AddParameter): Name = "Power Rating"; Value = "100mW"; VariantName = "[No Variations]"
Change component parameters (AddParameter): Name = "Radiation Hardening"; Value = "No"; VariantName = "[No Variations]"
Change component parameters (AddParameter): Name = "REACH SVHC"; Value = "No SVHC"; VariantName = "[No Variations]"
Change component parameters (AddParameter): Name = "Resistance"; Value = "100K"; VariantName = "[No Variations]"
Change component parameters (AddParameter): Name = "Resistance Tolerance"; Value = "25%"; VariantName = "[No Variations]"
Change component parameters (AddParameter): Name = "Resistor Type"; Value = "Carbon"; VariantName = "[No Variations]"
Change component parameters (AddParameter): Name = "RoHS Compliant"; Value = "Yes"; VariantName = "[No Variations]"
Change component parameters (AddParameter): Name = "Series"; Value = "TC33"; VariantName = "[No Variations]"
Change component parameters (AddParameter): Name = "Temperature Coefficient"; Value = "250ppm/°C"; VariantName = "[No Variations]"
Change component parameters (AddParameter): Name = "Termination"; Value = "Foot Print"; VariantName = "[No Variations]"
Change component parameters (AddParameter): Name = "Tolerance"; Value = "25%"; VariantName = "[No Variations]"
Change component parameters (AddParameter): Name = "Voltage Rating (DC)"; Value = "50V"; VariantName = "[No Variations]"
Change component parameters (AddParameter): Name = "Weight"; Value = "29.4mg"; VariantName = "[No Variations]"
Change component parameters (AddParameter): Name = "Width"; Value = "0.118inch"; VariantName = "[No Variations]"
Added Component: Designator=PROG1(programming_pad)
Added Component: Designator=PROG2(programming_pad)
Added Pin To Net: NetName=GND Pin=IC4-2
Add Pin To Net: Unknown Pin: Pin IC4-5
Add Pin To Net: Unknown Pin: Pin PROG2-1
Added Pin To Net: NetName=GND Pin=PROG2-2
Added Pin To Net: NetName=SWIO Pin=PROG2-4
Added Pin To Net: NetName=SWIO Pin=PROG2-4
Change Net Name : Old Net Name=NetC18_2 New Net Name=NetC19_2
Change Net Name : Old Net Name=NetC25_1 New Net Name=NetC23_1
Change Net Name : Old Net Name=NetCP1_1 New Net Name=NetCP6_1
Change Net Name : Old Net Name=NetCP2_1 New Net Name=NetCP7_1
Change Net Name : Old Net Name=NetCP3_1 New Net Name=NetCP8_1
Change Net Name : Old Net Name=NetCP4_1 New Net Name=NetCP9_1
Change Net Name : Old Net Name=NetCP5_1 New Net Name=NetCP10_1
Change Net Name : Old Net Name=NetCP6_1 New Net Name=NetCP11_1
Change Net Name : Old Net Name=NetCP7_1 New Net Name=NetCP12_1
Change Net Name : Old Net Name=NetCP8_1 New Net Name=NetCP13_1
Change Net Name : Old Net Name=NetCP9_1 New Net Name=NetCP14_1
Change Net Name : Old Net Name=NetCP10_1 New Net Name=NetCP15_1
Change Net Name : Old Net Name=NetCP11_1 New Net Name=NetCP16_1
Change Net Name : Old Net Name=NetCP12_1 New Net Name=NetCP17_1
Change Net Name : Old Net Name=NetCP13_1 New Net Name=NetCP18_1
Change Net Name : Old Net Name=NetIC2_19 New Net Name=NetIC3_19
Change Net Name : Old Net Name=NetIC2_20 New Net Name=NetIC3_20
Added Pin To Net: NetName=NetC18_1 Pin=C18-1
Added Pin To Net: NetName=NetC18_1 Pin=L2-1
Added Net: Name=NetC18_1
Added Pin To Net: NetName=NetC18_2 Pin=C18-2
Added Pin To Net: NetName=NetC18_2 Pin=IC4-1
Added Pin To Net: NetName=NetC18_2 Pin=IC4-1
Added Net: Name=NetC18_2
Added Pin To Net: NetName=NetCP1_1 Pin=CP1-1
Added Net: Name=NetCP1_1
Added Pin To Net: NetName=NetCP2_1 Pin=CP2-1
Added Pin To Net: NetName=NetCP2_1 Pin=PROG1-2
Added Net: Name=NetCP2_1
Added Pin To Net: NetName=NetCP3_1 Pin=CP3-1
Added Pin To Net: NetName=NetCP3_1 Pin=PROG1-4
Added Pin To Net: NetName=NetCP3_1 Pin=PROG1-4
Added Net: Name=NetCP3_1
Added Pin To Net: NetName=NetCP4_1 Pin=CP4-1
Added Pin To Net: NetName=NetCP4_1 Pin=PROG1-3
Added Net: Name=NetCP4_1
Added Pin To Net: NetName=NetCP5_1 Pin=CP5-1
Added Pin To Net: NetName=NetCP5_1 Pin=PROG1-5
Added Net: Name=NetCP5_1
Added Pin To Net: NetName=NetIC4_3 Pin=IC4-3
Added Pin To Net: NetName=NetIC4_3 Pin=IC4-3
Added Pin To Net: NetName=NetIC4_3 Pin=R28-2
Added Net: Name=NetIC4_3
Added Pin To Net: NetName=NetIC4_4 Pin=R25-1
Added Pin To Net: NetName=NetIC4_4 Pin=R29-1
Added Net: Name=NetIC4_4
Added Member To Class: ClassName=converter Member=Component C1 Capacitor
Added Member To Class: ClassName=converter Member=Component C3 Capacitor
Added Member To Class: ClassName=converter Member=Component C5 Capacitor
Added Member To Class: ClassName=converter Member=Component C9 Capacitor
Added Member To Class: ClassName=converter Member=Component C11 150uF
Added Member To Class: ClassName=Designator Member=Component C20 Capacitor
Added Member To Class: ClassName=Designator Member=Component C22 Capacitor
Added Member To Class: ClassName=Designator Member=Component C24 Capacitor
Added Member To Class: ClassName=controller Member=Component CP6 CONNECT_PAD
Added Member To Class: ClassName=controller Member=Component CP8 CONNECT_PAD
Added Member To Class: ClassName=controller Member=Component CP10 CONNECT_PAD
Added Member To Class: ClassName=controller Member=Component CP12 CONNECT_PAD
Added Member To Class: ClassName=controller Member=Component CP14 CONNECT_PAD
Added Member To Class: ClassName=controller Member=Component CP16 CONNECT_PAD
Added Member To Class: ClassName=controller Member=Component CP18 CONNECT_PAD
Added Member To Class: ClassName=Designator Member=Component CP20 CONNECT_PAD
Added Member To Class: ClassName=Designator Member=Component CP22 CONNECT_PAD
Added Member To Class: ClassName=controller Member=Component IC3 CH32V003F4U6
Added Member To Class: ClassName=converter Member=Component IC3 MOSFET N-CH SOT-23-3
Added Member To Class: ClassName=converter Member=Component IC4 MOSFET N-CH SOT-23-3
Added Member To Class: ClassName=Designator Member=Component IC4 Component_1
Added Member To Class: ClassName=controller Member=Component PROG1 Component_1
Added Member To Class: ClassName=controller Member=Component PROG2 Component_1
Added Member To Class: ClassName=converter Member=Component R6 Resistor
Added Member To Class: ClassName=converter Member=Component R9 Resistor
Added Member To Class: ClassName=converter Member=Component R10 Resistor
Added Member To Class: ClassName=converter Member=Component R12 Resistor
Added Member To Class: ClassName=converter Member=Component R14 Resistor
Added Member To Class: ClassName=converter Member=Component R16 Resistor
Added Member To Class: ClassName=COMBINED Member=Component R19 Resistor
Added Member To Class: ClassName=controller Member=Component R20 Resistor
Added Member To Class: ClassName=controller Member=Component R21 Resistor
Added Member To Class: ClassName=controller Member=Component R22 Resistor
Added Member To Class: ClassName=controller Member=Component R23 Resistor
Added Member To Class: ClassName=converter Member=Component R23 Resistor
Added Member To Class: ClassName=Designator Member=Component R28 Resistor
Added Member To Class: ClassName=Designator Member=Component R29 Resistor
