Removed Pin From Net: NetName=GND Pin=Designator3-2
Removed Pin From Net: NetName=SWIO Pin=Designator3-3
Removed Pin From Net: NetName=3V3 Pin=Designator3-4
Removed Pin From Net: NetName=GND Pin=Designator4-2
Removed Pin From Net: NetName=SWIO Pin=Designator4-3
Removed Pin From Net: NetName=3V3 Pin=Designator4-4
Removed Pin From Net: NetName=NetC20_2 Pin=IC5-1
Removed Pin From Net: NetName=GND Pin=IC5-2
Removed Pin From Net: NetName=NetC18_2 Pin=IC5-5
Removed Pin From Net: NetName=NetC20_1 Pin=IC5-6
Removed Member From Class: ClassName=Designator Member=IC5
Add Pin To Net: Unknown Pin: Pin IC1-1
Add Pin To Net: Unknown Pin: Pin IC1-2
Add Pin To Net: Unknown Pin: Pin IC1-5
Add Pin To Net: Unknown Pin: Pin IC1-6
Add Pin To Net: Unknown Pin: Pin PROG1-1
Add Pin To Net: Unknown Pin: Pin PROG1-2
Add Pin To Net: Unknown Pin: Pin PROG1-4
Add Pin To Net: Unknown Pin: Pin PROG2-1
Add Pin To Net: Unknown Pin: Pin PROG2-2
Add Pin To Net: Unknown Pin: Pin PROG2-3
Add Pin To Net: Unknown Pin: Pin PROG2-4
Add Pin To Net: Unknown Pin: Pin PROG2-5
Added Pin To Net: NetName=NetIC1_3 Pin=R29-2
Added Net: Name=NetIC1_3
Added Pin To Net: NetName=NetIC1_4 Pin=R25-1
Added Pin To Net: NetName=NetIC1_4 Pin=R26-1
Added Net: Name=NetIC1_4
Add Class Member: Failed to add class member : Component IC1 Component_1
Add Class Member: Failed to add class member : Component PROG1 Component_1
Add Class Member: Failed to add class member : Component PROG2 Component_1
