Removed Pin From Net: NetName=VIN Pin=Q1-2
Removed Pin From Net: NetName=NetC2_1 Pin=Q1-3
Removed Pin From Net: NetName=NetC2_1 Pin=Q2-2
Removed Pin From Net: NetName=GND Pin=Q2-3
Removed Member From Class: ClassName=Designator Member=Q1
Removed Member From Class: ClassName=Designator Member=Q2
Change Component Footprint: Designator=Q1 Old Footprint=STM-TO-220A-3 New Footprint=INF-PG-SOT23_M
Change Component Comment : Designator=Q1 Old Comment=STP80NF55-06 New Comment=BSS806N
Change Managed Component Library Link : Designator=Q1 Old VaultGUID=B7D15EC3-160A-466F-A46C-7801FE6295A7 New VaultGUID=B7D15EC3-160A-466F-A46C-7801FE6295A7 Old ItemGUID=BF72E4F3-8D28-4E67-A3F8-F35FCA5573B3 New ItemGUID=0F248EC4-A668-4192-A426-5BDFAF0D0724 Old RevisionGUID=990039F1-6E4D-4309-A982-FD9DDCE07E1B New RevisionGUID=49ADA3C4-DEC6-4E99-B34F-ACD5021CEB49
Change component parameters: Designator = "Q1" ("Q1"); Footprint = "STM-TO-220A-3"; UniqueID = "\GZMAJTYE\LCOKONAH" ("\GZMAJTYE\LCOKONAH")
Change component parameters (AddParameter): Name = "ComponentLink1Description"; Value = "Manufacturer URL"; VariantName = "[No Variations]"
Change component parameters (AddParameter): Name = "ComponentLink1URL"; Value = "http://www.infineon.com/"; VariantName = "[No Variations]"
Change component parameters (AddParameter): Name = "ComponentLink2Description"; Value = "Datasheet"; VariantName = "[No Variations]"
Change component parameters (AddParameter): Name = "ComponentLink2URL"; Value = "http://www.infineon.com/dgdl/BSS806N_Rev2.3_.pdf?folderId=db3a3043156fd573011622e10b5c1f67&fileId=db3a304330f686060131185f0553451c"; VariantName = "[No Variations]"
Change component parameters (AddParameter): Name = "ComponentLink3Description"; Value = "Package Specification"; VariantName = "[No Variations]"
Change component parameters (AddParameter): Name = "ComponentLink3URL"; Value = "http://www.infineon.com/dgdl/SOT23-Package_Overview.pdf?folderId=db3a30431936bc4b0119532290053c66&fileId=db3a30431936bc4b0119533468123c85"; VariantName = "[No Variations]"
Change component parameters (AddParameter): Name = "DatasheetVersion"; Value = "Rev. 2.3"; VariantName = "[No Variations]"
Change component parameters (AddParameter): Name = "Green"; Value = "TRUE"; VariantName = "[No Variations]"
Change component parameters (AddParameter): Name = "Halogen-free"; Value = "TRUE"; VariantName = "[No Variations]"
Change component parameters (AddParameter): Name = "ID (max)"; Value = "2.3Â A"; VariantName = "[No Variations]"
Change component parameters (AddParameter): Name = "IDpuls (max)"; Value = "9.3Â A"; VariantName = "[No Variations]"
Change component parameters (AddParameter): Name = "Manufacturer"; Value = "Infineon"; VariantName = "[No Variations]"
Change component parameters (AddParameter): Name = "Mounting Technology"; Value = "Surface Mount"; VariantName = "[No Variations]"
Change component parameters (AddParameter): Name = "PackageDescription"; Value = "3-Pin Small Outline Transistor Package, 2.9 x 1.3 mm Body, 0.95 mm Pitch"; VariantName = "[No Variations]"
Change component parameters (AddParameter): Name = "PackageReference"; Value = "PG-SOT23"; VariantName = "[No Variations]"
Change component parameters (AddParameter): Name = "PackageVersion"; Value = "Apr-08"; VariantName = "[No Variations]"
Change component parameters (AddParameter): Name = "Packing"; Value = "Reel"; VariantName = "[No Variations]"
Change component parameters (AddParameter): Name = "PartNumber"; Value = "BSS806N"; VariantName = "[No Variations]"
Change component parameters (AddParameter): Name = "Ptot (max)"; Value = "0.5Â W"; VariantName = "[No Variations]"
Change component parameters (AddParameter): Name = "QG"; Value = "1.7Â nC"; VariantName = "[No Variations]"
Change component parameters (AddParameter): Name = "RDS (on) (max)"; Value = "57 mOhm"; VariantName = "[No Variations]"
Change component parameters (AddParameter): Name = "RDS (on) (max) (@1.8V)"; Value = "82 mOhm"; VariantName = "[No Variations]"
Change component parameters (AddParameter): Name = "RDS (on) (max) (@2.5V)"; Value = "57 mOhm"; VariantName = "[No Variations]"
Change component parameters (AddParameter): Name = "RthJA (max)"; Value = "250 K/W"; VariantName = "[No Variations]"
Change component parameters (AddParameter): Name = "VDS (max)"; Value = "20 V"; VariantName = "[No Variations]"
Change component parameters (AddParameter): Name = "VGS(th) (max)"; Value = "0.75Â V"; VariantName = "[No Variations]"
Change component parameters (AddParameter): Name = "VGS(th) (min)"; Value = "0.3Â V"; VariantName = "[No Variations]"
Add component: Footprint Not Found CAP FILM 0603_1608
Add component: Footprint Not Found CAP FILM 0603_1608
Add component: Footprint Not Found CAP FILM 0603_1608
Added Component: Designator=IC2(QFN40P300X300X80-21N-D)
Add component (AddParameter): Name = "Arrow Part Number"; Value = ""; VariantName = "[No Variations]"
Add component (AddParameter): Name = "Arrow Price/Stock"; Value = ""; VariantName = "[No Variations]"
Add component (AddParameter): Name = "Datasheet Link"; Value = "https://www.lcsc.com/datasheet/lcsc_datasheet_2409280202_WCH-Jiangsu-Qin-Heng-CH32V003F4U6_C5299908.pdf"; VariantName = "[No Variations]"
Add component (AddParameter): Name = "Height"; Value = "0.8mm"; VariantName = "[No Variations]"
Add component (AddParameter): Name = "Manufacturer_Name"; Value = "WCH"; VariantName = "[No Variations]"
Add component (AddParameter): Name = "Manufacturer_Part_Number"; Value = "CH32V003F4U6"; VariantName = "[No Variations]"
Add component (AddParameter): Name = "Mouser Part Number"; Value = ""; VariantName = "[No Variations]"
Add component (AddParameter): Name = "Mouser Price/Stock"; Value = ""; VariantName = "[No Variations]"
Added Component: Designator=IC3(DPAK228P1975X238-3N)
Added Component: Designator=IC4(DPAK228P1975X238-3N)
Add component: Footprint Not Found RES 0603_1608
Add component: Footprint Not Found RES 0603_1608
Add component: Footprint Not Found RES 0603_1608
Add component: Footprint Not Found PCBComponent_1
Add component: Footprint Not Found PCBComponent_1
Add component: Footprint Not Found PCBComponent_1
Added Component: Designator=U2(FP-AMS1117-IPC_C)
Add component (AddParameter): Name = "Automotive"; Value = "No"; VariantName = "[No Variations]"
Add component (AddParameter): Name = "Category"; Value = "IC"; VariantName = "[No Variations]"
Add component (AddParameter): Name = "ComponentLink2Description"; Value = "Datasheet"; VariantName = "[No Variations]"
Add component (AddParameter): Name = "ComponentLink2URL"; Value = "http://www.advanced-monolithic.com/pdf/ds1117.pdf"; VariantName = "[No Variations]"
Add component (AddParameter): Name = "Device Class L1"; Value = "Integrated Circuits (ICs)"; VariantName = "[No Variations]"
Add component (AddParameter): Name = "Device Class L2"; Value = "Power Management ICs"; VariantName = "[No Variations]"
Add component (AddParameter): Name = "Device Class L3"; Value = "Voltage Regulators - Linear"; VariantName = "[No Variations]"
Add component (AddParameter): Name = "Dropout Voltage"; Value = "1.1V"; VariantName = "[No Variations]"
Add component (AddParameter): Name = "Height"; Value = "1.8mm"; VariantName = "[No Variations]"
Add component (AddParameter): Name = "Ipc Land Pattern Name"; Value = "SOT229P700X180-4"; VariantName = "[No Variations]"
Add component (AddParameter): Name = "Lead Free"; Value = "Yes"; VariantName = "[No Variations]"
Add component (AddParameter): Name = "Manufacturer"; Value = "Advanced Monolithic Systems"; VariantName = "[No Variations]"
Add component (AddParameter): Name = "Manufacturer Part Number"; Value = "AMS1117-3.3"; VariantName = "[No Variations]"
Add component (AddParameter): Name = "Max Junction Temp"; Value = "+125°C"; VariantName = "[No Variations]"
Add component (AddParameter): Name = "Max Power Dissipation"; Value = "1.2W"; VariantName = "[No Variations]"
Add component (AddParameter): Name = "Max Supply Voltage"; Value = "15V"; VariantName = "[No Variations]"
Add component (AddParameter): Name = "Nominal Supply Current"; Value = "5mA"; VariantName = "[No Variations]"
Add component (AddParameter): Name = "Number Of Outputs"; Value = "1"; VariantName = "[No Variations]"
Add component (AddParameter): Name = "Octopart"; Value = "https://octopart.com/ams1117-3.3-advanced+monolithic+systems-25899300"; VariantName = "[No Variations]"
Add component (AddParameter): Name = "Output Current"; Value = "1A"; VariantName = "[No Variations]"
Add component (AddParameter): Name = "Output Type"; Value = "Fixed"; VariantName = "[No Variations]"
Add component (AddParameter): Name = "Output Voltage"; Value = "3.3V"; VariantName = "[No Variations]"
Add component (AddParameter): Name = "Package"; Value = "AMS1117"; VariantName = "[No Variations]"
Add component (AddParameter): Name = "RoHS"; Value = "TRUE"; VariantName = "[No Variations]"
Add component (AddParameter): Name = "Standoff Height"; Value = "0.64mm"; VariantName = "[No Variations]"
Add component (AddParameter): Name = "Temperature"; Value = "-40°C to +125°C"; VariantName = "[No Variations]"
Add component (AddParameter): Name = "Temperature Range High"; Value = "+125°C"; VariantName = "[No Variations]"
Add component (AddParameter): Name = "Temperature Range Low"; Value = "-40°C"; VariantName = "[No Variations]"
Add Pin To Net: Unknown Pin: Pin C12-1
Add Pin To Net: Unknown Pin: Pin C13-1
Add Pin To Net: Unknown Pin: Pin C14-1
Add Pin To Net: Unknown Pin: Pin C15-1
Add Pin To Net: Unknown Pin: Pin C16-1
Add Pin To Net: Unknown Pin: Pin C17-1
Added Pin To Net: NetName=GND Pin=IC2-4
Added Pin To Net: NetName=GND Pin=IC2-21
Added Pin To Net: NetName=NetC2_1 Pin=IC3-2
Added Pin To Net: NetName=VIN Pin=IC3-3
Added Pin To Net: NetName=VIN Pin=IC3-3
Added Pin To Net: NetName=GND Pin=IC4-2
Added Pin To Net: NetName=NetC2_1 Pin=IC4-3
Added Pin To Net: NetName=NetC2_1 Pin=IC4-3
Added Pin To Net: NetName=NetR7_1 Pin=Q1-3
Add Pin To Net: Unknown Pin: Pin R17-2
Add Pin To Net: Unknown Pin: Pin R19-1
Add Pin To Net: Unknown Pin: Pin R21-1
Add Pin To Net: Unknown Pin: Pin R22-1
Add Pin To Net: Unknown Pin: Pin TP3-1
Added Pin To Net: NetName=GND Pin=U2-1
Change Net Name : Old Net Name=NetR7_1 New Net Name=NetQ1_3
Added Pin To Net: NetName=3V3 Pin=IC2-6
Added Pin To Net: NetName=3V3 Pin=U2-2
Added Pin To Net: NetName=3V3 Pin=U2-4
Added Net: Name=3V3
Added Pin To Net: NetName=LED Pin=IC2-17
Added Net: Name=LED
Added Pin To Net: NetName=NetC12_2 Pin=U2-3
Added Net: Name=NetC12_2
Added Pin To Net: NetName=NetC14_2 Pin=Q1-1
Added Net: Name=NetC14_2
Added Pin To Net: NetName=NetCP1_1 Pin=IC2-18
Added Net: Name=NetCP1_1
Added Pin To Net: NetName=NetCP2_1 Pin=IC2-16
Added Net: Name=NetCP2_1
Added Pin To Net: NetName=NetCP3_1 Pin=IC2-1
Added Net: Name=NetCP3_1
Added Pin To Net: NetName=NetCP4_1 Pin=IC2-2
Added Net: Name=NetCP4_1
Added Pin To Net: NetName=NetCP5_1 Pin=IC2-14
Added Net: Name=NetCP5_1
Added Pin To Net: NetName=NetCP6_1 Pin=IC2-3
Added Net: Name=NetCP6_1
Added Pin To Net: NetName=NetCP7_1 Pin=IC2-13
Added Net: Name=NetCP7_1
Added Pin To Net: NetName=NetCP8_1 Pin=IC2-12
Added Net: Name=NetCP8_1
Added Pin To Net: NetName=NetCP9_1 Pin=IC2-5
Added Net: Name=NetCP9_1
Added Pin To Net: NetName=NetCP10_1 Pin=IC2-11
Added Net: Name=NetCP10_1
Added Pin To Net: NetName=NetCP11_1 Pin=IC2-7
Added Net: Name=NetCP11_1
Added Pin To Net: NetName=NetCP12_1 Pin=IC2-9
Added Net: Name=NetCP12_1
Added Pin To Net: NetName=NetCP13_1 Pin=IC2-8
Added Net: Name=NetCP13_1
Added Net: Name=NetD1_2
Added Net: Name=NetD2_2
Added Pin To Net: NetName=NetIC2_19 Pin=IC2-19
Added Pin To Net: NetName=NetIC2_19 Pin=R4-1
Added Pin To Net: NetName=NetIC2_19 Pin=U1-17
Added Net: Name=NetIC2_19
Added Pin To Net: NetName=NetIC2_20 Pin=IC2-20
Added Pin To Net: NetName=NetIC2_20 Pin=R16-1
Added Pin To Net: NetName=NetIC2_20 Pin=U1-19
Added Net: Name=NetIC2_20
Added Pin To Net: NetName=NetIC3_1 Pin=IC3-1
Added Pin To Net: NetName=NetIC3_1 Pin=IC3-1
Added Pin To Net: NetName=NetIC3_1 Pin=U1-13
Added Net: Name=NetIC3_1
Added Pin To Net: NetName=NetIC4_1 Pin=IC4-1
Added Pin To Net: NetName=NetIC4_1 Pin=IC4-1
Added Pin To Net: NetName=NetIC4_1 Pin=U1-11
Added Net: Name=NetIC4_1
Added Pin To Net: NetName=NetQ1_2 Pin=Q1-2
Added Net: Name=NetQ1_2
Added Pin To Net: NetName=SWIO Pin=IC2-15
Added Net: Name=SWIO
Added Pin To Net: NetName=VREG_PWM Pin=IC2-10
Added Net: Name=VREG_PWM
Added Class: Name=COMBINED
Add Class: Class already exists: Designator
Added Member To Class: ClassName=Designator Member=Component IC3 DIODES INC MOSFET N-CH SOT-23-3
Added Member To Class: ClassName=Designator Member=Component IC4 DIODES INC MOSFET N-CH SOT-23-3
Added Rule: Name=Schematic Supply Nets_3
