Removed Pin From Net: NetName=GND Pin=Designator3-2
Removed Pin From Net: NetName=SWIO Pin=Designator3-3
Removed Pin From Net: NetName=3V3 Pin=Designator3-4
Removed Pin From Net: NetName=GND Pin=Designator4-2
Removed Pin From Net: NetName=SWIO Pin=Designator4-3
Removed Pin From Net: NetName=3V3 Pin=Designator4-4
Removed Pin From Net: NetName=GND Pin=IC5-2
Removed Pin From Net: NetName=NetC18_2 Pin=IC5-5
Removed Member From Class: ClassName=controller Member=CP19
Removed Member From Class: ClassName=controller Member=CP20
Removed Member From Class: ClassName=controller Member=CP21
Removed Member From Class: ClassName=controller Member=CP22
Removed Member From Class: ClassName=converter Member=R23
Removed Member From Class: ClassName=converter Member=R24
Change Component Designator: OldDesignator=C1 NewDesignator=C2
Change Component Designator: OldDesignator=C2 NewDesignator=C3
Change Component Designator: OldDesignator=C3 NewDesignator=C4
Change Component Designator: OldDesignator=C4 NewDesignator=C5
Change Component Designator: OldDesignator=C5 NewDesignator=C6
Change Component Designator: OldDesignator=C6 NewDesignator=C1
Change Component Designator: OldDesignator=C7 NewDesignator=C8
Change Component Designator: OldDesignator=C8 NewDesignator=C9
Change Component Designator: OldDesignator=C9 NewDesignator=C10
Change Component Designator: OldDesignator=C10 NewDesignator=C11
Change Component Designator: OldDesignator=C11 NewDesignator=C7
Change Component Designator: OldDesignator=C18 NewDesignator=C20
Change Component Designator: OldDesignator=C19 NewDesignator=C22
Change Component Designator: OldDesignator=C20 NewDesignator=C18
Change Component Designator: OldDesignator=C21 NewDesignator=C19
Change Component Designator: OldDesignator=C22 NewDesignator=C21
Change Component Designator: OldDesignator=C23 NewDesignator=C24
Change Component Designator: OldDesignator=C24 NewDesignator=C25
Change Component Designator: OldDesignator=C25 NewDesignator=C23
Change Component Designator: OldDesignator=CP1 NewDesignator=CP6
Change Component Designator: OldDesignator=CP2 NewDesignator=CP7
Change Component Designator: OldDesignator=CP3 NewDesignator=CP8
Change Component Designator: OldDesignator=CP4 NewDesignator=CP9
Change Component Designator: OldDesignator=CP5 NewDesignator=CP10
Change Component Designator: OldDesignator=CP6 NewDesignator=CP11
Change Component Designator: OldDesignator=CP7 NewDesignator=CP12
Change Component Designator: OldDesignator=CP8 NewDesignator=CP13
Change Component Designator: OldDesignator=CP9 NewDesignator=CP14
Change Component Designator: OldDesignator=CP10 NewDesignator=CP15
Change Component Designator: OldDesignator=CP11 NewDesignator=CP16
Change Component Designator: OldDesignator=CP12 NewDesignator=CP17
Change Component Designator: OldDesignator=CP13 NewDesignator=CP18
Change Component Designator: OldDesignator=CP14 NewDesignator=CP19
Change Component Designator: OldDesignator=CP15 NewDesignator=CP20
Change Component Designator: OldDesignator=CP16 NewDesignator=CP21
Change Component Designator: OldDesignator=CP17 NewDesignator=CP22
Change Component Designator: OldDesignator=CP18 NewDesignator=CP1
Change Component Designator: OldDesignator=CP19 NewDesignator=CP2
Change Component Designator: OldDesignator=CP20 NewDesignator=CP3
Change Component Designator: OldDesignator=CP21 NewDesignator=CP4
Change Component Designator: OldDesignator=CP22 NewDesignator=CP5
Change Component Designator: OldDesignator=IC2 NewDesignator=IC3
Change Component Designator: OldDesignator=IC3 NewDesignator=IC1
Change Component Designator: OldDesignator=IC4 NewDesignator=IC2
Change Component Designator: OldDesignator=R5 NewDesignator=R6
Change Component Designator: OldDesignator=R6 NewDesignator=R7
Change Component Designator: OldDesignator=R7 NewDesignator=R9
Change Component Designator: OldDesignator=R8 NewDesignator=R11
Change Component Designator: OldDesignator=R9 NewDesignator=R12
Change Component Designator: OldDesignator=R10 NewDesignator=R13
Change Component Designator: OldDesignator=R11 NewDesignator=R14
Change Component Designator: OldDesignator=R12 NewDesignator=R15
Change Component Designator: OldDesignator=R13 NewDesignator=R16
Change Component Designator: OldDesignator=R14 NewDesignator=R17
Change Component Designator: OldDesignator=R15 NewDesignator=R18
Change Component Designator: OldDesignator=R16 NewDesignator=R5
Change Component Designator: OldDesignator=R17 NewDesignator=R19
Change Component Designator: OldDesignator=R18 NewDesignator=R20
Change Component Designator: OldDesignator=R19 NewDesignator=R21
Change Component Designator: OldDesignator=R20 NewDesignator=R22
Change Component Designator: OldDesignator=R21 NewDesignator=R23
Change Component Designator: OldDesignator=R22 NewDesignator=R24
Change Component Designator: OldDesignator=R23 NewDesignator=R8
Change Component Designator: OldDesignator=R24 NewDesignator=R10
Change Component Designator: OldDesignator=R26 NewDesignator=R29
Change Component Designator: OldDesignator=R27 NewDesignator=R26
Change Component Designator: OldDesignator=R28 NewDesignator=R27
Change Component Designator: OldDesignator=R29 NewDesignator=R28
Add Pin To Net: Unknown Pin: Pin IC4-2
Add Pin To Net: Unknown Pin: Pin IC4-5
Add Pin To Net: Unknown Pin: Pin PROG2-1
Add Pin To Net: Unknown Pin: Pin PROG2-2
Add Pin To Net: Unknown Pin: Pin PROG2-4
Change Net Name : Old Net Name=NetC1_2 New Net Name=NetC2_2
Change Net Name : Old Net Name=NetC2_1 New Net Name=NetC3_1
Change Net Name : Old Net Name=NetC2_2 New Net Name=NetC3_2
Change Net Name : Old Net Name=NetC4_1 New Net Name=NetC5_1
Change Net Name : Old Net Name=NetC5_1 New Net Name=NetC6_1
Change Net Name : Old Net Name=NetC9_2 New Net Name=NetC10_2
Change Net Name : Old Net Name=NetC10_1 New Net Name=NetC11_1
Change Net Name : Old Net Name=NetC18_2 New Net Name=NetC19_2
Change Net Name : Old Net Name=NetC25_1 New Net Name=NetC23_1
Change Net Name : Old Net Name=NetCP1_1 New Net Name=NetCP6_1
Change Net Name : Old Net Name=NetCP2_1 New Net Name=NetCP7_1
Change Net Name : Old Net Name=NetCP3_1 New Net Name=NetCP8_1
Change Net Name : Old Net Name=NetCP4_1 New Net Name=NetCP9_1
Change Net Name : Old Net Name=NetCP5_1 New Net Name=NetCP10_1
Change Net Name : Old Net Name=NetCP6_1 New Net Name=NetCP11_1
Change Net Name : Old Net Name=NetCP7_1 New Net Name=NetCP12_1
Change Net Name : Old Net Name=NetCP8_1 New Net Name=NetCP13_1
Change Net Name : Old Net Name=NetCP9_1 New Net Name=NetCP14_1
Change Net Name : Old Net Name=NetCP10_1 New Net Name=NetCP15_1
Change Net Name : Old Net Name=NetCP11_1 New Net Name=NetCP16_1
Change Net Name : Old Net Name=NetCP12_1 New Net Name=NetCP17_1
Change Net Name : Old Net Name=NetCP13_1 New Net Name=NetCP18_1
Change Net Name : Old Net Name=NetIC2_19 New Net Name=NetIC3_19
Change Net Name : Old Net Name=NetIC2_20 New Net Name=NetIC3_20
Change Net Name : Old Net Name=NetIC3_1 New Net Name=NetIC1_1
Change Net Name : Old Net Name=NetIC4_1 New Net Name=NetIC2_1
Change Net Name : Old Net Name=NetR6_1 New Net Name=NetR7_1
Change Net Name : Old Net Name=NetR8_1 New Net Name=NetR11_1
Change Net Name : Old Net Name=NetR8_2 New Net Name=NetR11_2
Change Net Name : Old Net Name=NetR10_1 New Net Name=NetR13_1
Change Net Name : Old Net Name=NetR12_1 New Net Name=NetR15_1
Change Net Name : Old Net Name=NetR12_2 New Net Name=NetR15_2
Added Pin To Net: NetName=NetC18_1 Pin=C18-1
Added Pin To Net: NetName=NetC18_1 Pin=L2-1
Added Net: Name=NetC18_1
Added Pin To Net: NetName=NetC18_2 Pin=C18-2
Added Net: Name=NetC18_2
Added Pin To Net: NetName=NetCP1_1 Pin=CP1-1
Added Net: Name=NetCP1_1
Added Pin To Net: NetName=NetCP2_1 Pin=CP2-1
Added Net: Name=NetCP2_1
Added Pin To Net: NetName=NetCP3_1 Pin=CP3-1
Added Net: Name=NetCP3_1
Added Pin To Net: NetName=NetCP4_1 Pin=CP4-1
Added Net: Name=NetCP4_1
Added Pin To Net: NetName=NetCP5_1 Pin=CP5-1
Added Net: Name=NetCP5_1
Added Pin To Net: NetName=NetIC4_3 Pin=R28-2
Added Net: Name=NetIC4_3
Added Pin To Net: NetName=NetIC4_4 Pin=R25-1
Added Pin To Net: NetName=NetIC4_4 Pin=R29-1
Added Net: Name=NetIC4_4
Added Member To Class: ClassName=controller Member=Component CP14 CONNECT_PAD
Added Member To Class: ClassName=controller Member=Component CP15 CONNECT_PAD
Added Member To Class: ClassName=controller Member=Component CP16 CONNECT_PAD
Added Member To Class: ClassName=controller Member=Component CP17 CONNECT_PAD
Add Class Member: Failed to add class member : Component IC4 Component_1
Add Class Member: Failed to add class member : Component PROG1 Component_1
Add Class Member: Failed to add class member : Component PROG2 Component_1
Added Member To Class: ClassName=converter Member=Component R17 Resistor
Added Member To Class: ClassName=converter Member=Component R18 Resistor
